; c64asm listing  (origin $0801, 4849 bytes)

080D  A9 0E         LDA #14           ; switch to the lower/upper character set - required
080F  20 D2 FF      JSR __CHROUT      ; for the PETSCII case mapping below to render as letters
0812  A9 00         LDA #0
0814  8D 1B 08      STA __rt_spidx
0817  20 32 0E      JSR __fn_main
081A  60            RTS
0822  AE 1B 08      LDX __rt_spidx
0825  A5 FB         LDA __zpR
0827  9D F2 19      STA __rt_stack,X
082A  A5 FC         LDA __zpR+1
082C  9D F3 19      STA __rt_stack+1,X
082F  E8            INX
0830  E8            INX
0831  8E 1B 08      STX __rt_spidx
0834  60            RTS
0835  AE 1B 08      LDX __rt_spidx
0838  CA            DEX
0839  CA            DEX
083A  BD F2 19      LDA __rt_stack,X
083D  85 FD         STA __zpR2
083F  BD F3 19      LDA __rt_stack+1,X
0842  85 FE         STA __zpR2+1
0844  8E 1B 08      STX __rt_spidx
0847  60            RTS
0848  A9 00         LDA #0
084A  8D 20 08      STA __zpT0
084D  8D 21 08      STA __zpT0+1
0850  A2 10         LDX #16
0852  46 FC         LSR __zpR+1
0854  66 FB         ROR __zpR
0856  90 11         BCC __rt_mul16_noadd
0858  18            CLC
0859  AD 20 08      LDA __zpT0
085C  65 FD         ADC __zpR2
085E  8D 20 08      STA __zpT0
0861  AD 21 08      LDA __zpT0+1
0864  65 FE         ADC __zpR2+1
0866  8D 21 08      STA __zpT0+1
0869  06 FD         ASL __zpR2
086B  26 FE         ROL __zpR2+1
086D  CA            DEX
086E  D0 E2         BNE __rt_mul16_loop
0870  AD 20 08      LDA __zpT0
0873  85 FB         STA __zpR
0875  AD 21 08      LDA __zpT0+1
0878  85 FC         STA __zpR+1
087A  60            RTS
087B  A9 00         LDA #0
087D  8D 20 08      STA __zpT0
0880  8D 21 08      STA __zpT0+1
0883  A2 10         LDX #16
0885  06 FD         ASL __zpR2
0887  26 FE         ROL __zpR2+1
0889  2E 20 08      ROL __zpT0
088C  2E 21 08      ROL __zpT0+1
088F  AD 20 08      LDA __zpT0
0892  38            SEC
0893  E5 FB         SBC __zpR
0895  A8            TAY
0896  AD 21 08      LDA __zpT0+1
0899  E5 FC         SBC __zpR+1
089B  90 08         BCC __rt_udiv16_skip
089D  8D 21 08      STA __zpT0+1
08A0  8C 20 08      STY __zpT0
08A3  E6 FD         INC __zpR2
08A5  CA            DEX
08A6  D0 DD         BNE __rt_udiv16_loop
08A8  60            RTS
08A9  38            SEC
08AA  A9 00         LDA #0
08AC  E5 FD         SBC __zpR2
08AE  AA            TAX
08AF  A9 00         LDA #0
08B1  E5 FE         SBC __zpR2+1
08B3  85 FE         STA __zpR2+1
08B5  86 FD         STX __zpR2
08B7  60            RTS
08B8  38            SEC
08B9  A9 00         LDA #0
08BB  E5 FB         SBC __zpR
08BD  AA            TAX
08BE  A9 00         LDA #0
08C0  E5 FC         SBC __zpR+1
08C2  85 FC         STA __zpR+1
08C4  86 FB         STX __zpR
08C6  60            RTS
08C7  38            SEC
08C8  A9 00         LDA #0
08CA  ED 20 08      SBC __zpT0
08CD  AA            TAX
08CE  A9 00         LDA #0
08D0  ED 21 08      SBC __zpT0+1
08D3  8D 21 08      STA __zpT0+1
08D6  8E 20 08      STX __zpT0
08D9  60            RTS
08DA  A9 00         LDA #0
08DC  8D 1E 08      STA __zpT1
08DF  8D 1F 08      STA __zpT1+1
08E2  A5 FE         LDA __zpR2+1
08E4  10 06         BPL __rt_sdm_d1
08E6  20 A9 08      JSR __rt_neg_r2
08E9  EE 1E 08      INC __zpT1
08EC  A5 FC         LDA __zpR+1
08EE  10 06         BPL __rt_sdm_d2
08F0  20 B8 08      JSR __rt_neg_r
08F3  EE 1F 08      INC __zpT1+1
08F6  20 7B 08      JSR __rt_udiv16
08F9  AD 1E 08      LDA __zpT1
08FC  4D 1F 08      EOR __zpT1+1
08FF  29 01         AND #1
0901  F0 03         BEQ __rt_sdm_qdone
0903  20 A9 08      JSR __rt_neg_r2
0906  AD 1E 08      LDA __zpT1
0909  F0 03         BEQ __rt_sdm_rdone
090B  20 C7 08      JSR __rt_neg_t0
090E  60            RTS
090F  A5 FD         LDA __zpR2
0911  C5 FB         CMP __zpR
0913  D0 0F         BNE __rt_eq16_ne
0915  A5 FE         LDA __zpR2+1
0917  C5 FC         CMP __zpR+1
0919  D0 09         BNE __rt_eq16_ne
091B  A9 01         LDA #1
091D  85 FB         STA __zpR
091F  A9 00         LDA #0
0921  85 FC         STA __zpR+1
0923  60            RTS
0924  A9 00         LDA #0
0926  85 FB         STA __zpR
0928  85 FC         STA __zpR+1
092A  60            RTS
092B  A5 FD         LDA __zpR2
092D  C5 FB         CMP __zpR
092F  D0 0D         BNE __rt_ne16_ne
0931  A5 FE         LDA __zpR2+1
0933  C5 FC         CMP __zpR+1
0935  D0 07         BNE __rt_ne16_ne
0937  A9 00         LDA #0
0939  85 FB         STA __zpR
093B  85 FC         STA __zpR+1
093D  60            RTS
093E  A9 01         LDA #1
0940  85 FB         STA __zpR
0942  A9 00         LDA #0
0944  85 FC         STA __zpR+1
0946  60            RTS
0947  38            SEC
0948  A5 FD         LDA __zpR2
094A  E5 FB         SBC __zpR
094C  A5 FE         LDA __zpR2+1
094E  E5 FC         SBC __zpR+1
0950  50 02         BVC __rt_sub_r2r_ok
0952  49 80         EOR #$80
0954  60            RTS
0955  38            SEC
0956  A5 FB         LDA __zpR
0958  E5 FD         SBC __zpR2
095A  A5 FC         LDA __zpR+1
095C  E5 FE         SBC __zpR2+1
095E  50 02         BVC __rt_sub_rr2_ok
0960  49 80         EOR #$80
0962  60            RTS
0963  20 47 09      JSR __rt_sub_r2r
0966  30 07         BMI __rt_lt16_t
0968  A9 00         LDA #0
096A  85 FB         STA __zpR
096C  85 FC         STA __zpR+1
096E  60            RTS
096F  A9 01         LDA #1
0971  85 FB         STA __zpR
0973  A9 00         LDA #0
0975  85 FC         STA __zpR+1
0977  60            RTS
0978  20 47 09      JSR __rt_sub_r2r
097B  10 07         BPL __rt_ge16_t
097D  A9 00         LDA #0
097F  85 FB         STA __zpR
0981  85 FC         STA __zpR+1
0983  60            RTS
0984  A9 01         LDA #1
0986  85 FB         STA __zpR
0988  A9 00         LDA #0
098A  85 FC         STA __zpR+1
098C  60            RTS
098D  20 55 09      JSR __rt_sub_rr2
0990  30 07         BMI __rt_gt16_t
0992  A9 00         LDA #0
0994  85 FB         STA __zpR
0996  85 FC         STA __zpR+1
0998  60            RTS
0999  A9 01         LDA #1
099B  85 FB         STA __zpR
099D  A9 00         LDA #0
099F  85 FC         STA __zpR+1
09A1  60            RTS
09A2  20 55 09      JSR __rt_sub_rr2
09A5  10 07         BPL __rt_le16_t
09A7  A9 00         LDA #0
09A9  85 FB         STA __zpR
09AB  85 FC         STA __zpR+1
09AD  60            RTS
09AE  A9 01         LDA #1
09B0  85 FB         STA __zpR
09B2  A9 00         LDA #0
09B4  85 FC         STA __zpR+1
09B6  60            RTS
09B7  A6 FB         LDX __zpR
09B9  A5 FD         LDA __zpR2
09BB  85 FB         STA __zpR
09BD  A5 FE         LDA __zpR2+1
09BF  85 FC         STA __zpR+1
09C1  E0 00         CPX #0
09C3  F0 08         BEQ __rt_shl16_done
09C5  06 FB         ASL __zpR
09C7  26 FC         ROL __zpR+1
09C9  CA            DEX
09CA  4C C1 09      JMP __rt_shl16_loop
09CD  60            RTS
09CE  A6 FB         LDX __zpR
09D0  A5 FD         LDA __zpR2
09D2  85 FB         STA __zpR
09D4  A5 FE         LDA __zpR2+1
09D6  85 FC         STA __zpR+1
09D8  E0 00         CPX #0
09DA  F0 0C         BEQ __rt_shr16_done
09DC  A5 FC         LDA __zpR+1
09DE  C9 80         CMP #$80
09E0  66 FC         ROR __zpR+1
09E2  66 FB         ROR __zpR
09E4  CA            DEX
09E5  4C D8 09      JMP __rt_shr16_loop
09E8  60            RTS
09E9  A5 FB         LDA __zpR
09EB  C9 61         CMP #$61
09ED  90 0C         BCC __rt_tp_notlower
09EF  C9 7B         CMP #$7B
09F1  B0 08         BCS __rt_tp_notlower
09F3  38            SEC
09F4  E9 20         SBC #$20
09F6  85 FB         STA __zpR
09F8  4C 08 0A      JMP __rt_tp_done
09FB  C9 41         CMP #$41
09FD  90 09         BCC __rt_tp_done
09FF  C9 5B         CMP #$5B
0A01  B0 05         BCS __rt_tp_done
0A03  18            CLC
0A04  69 80         ADC #$80
0A06  85 FB         STA __zpR
0A08  60            RTS
0A09  A5 FE         LDA __zpR2+1
0A0B  C5 FC         CMP __zpR+1
0A0D  90 0F         BCC __rt_ult16_t
0A0F  D0 06         BNE __rt_ult16_f
0A11  A5 FD         LDA __zpR2
0A13  C5 FB         CMP __zpR
0A15  90 07         BCC __rt_ult16_t
0A17  A9 00         LDA #0
0A19  85 FB         STA __zpR
0A1B  85 FC         STA __zpR+1
0A1D  60            RTS
0A1E  A9 01         LDA #1
0A20  85 FB         STA __zpR
0A22  A9 00         LDA #0
0A24  85 FC         STA __zpR+1
0A26  60            RTS
0A27  A5 FC         LDA __zpR+1
0A29  C5 FE         CMP __zpR2+1
0A2B  90 0F         BCC __rt_ugt16_t
0A2D  D0 06         BNE __rt_ugt16_f
0A2F  A5 FB         LDA __zpR
0A31  C5 FD         CMP __zpR2
0A33  90 07         BCC __rt_ugt16_t
0A35  A9 00         LDA #0
0A37  85 FB         STA __zpR
0A39  85 FC         STA __zpR+1
0A3B  60            RTS
0A3C  A9 01         LDA #1
0A3E  85 FB         STA __zpR
0A40  A9 00         LDA #0
0A42  85 FC         STA __zpR+1
0A44  60            RTS
0A45  A5 FC         LDA __zpR+1
0A47  C5 FE         CMP __zpR2+1
0A49  90 11         BCC __rt_ule16_f
0A4B  D0 06         BNE __rt_ule16_t
0A4D  A5 FB         LDA __zpR
0A4F  C5 FD         CMP __zpR2
0A51  90 09         BCC __rt_ule16_f
0A53  A9 01         LDA #1
0A55  85 FB         STA __zpR
0A57  A9 00         LDA #0
0A59  85 FC         STA __zpR+1
0A5B  60            RTS
0A5C  A9 00         LDA #0
0A5E  85 FB         STA __zpR
0A60  85 FC         STA __zpR+1
0A62  60            RTS
0A63  A5 FE         LDA __zpR2+1
0A65  C5 FC         CMP __zpR+1
0A67  90 11         BCC __rt_uge16_f
0A69  D0 06         BNE __rt_uge16_t
0A6B  A5 FD         LDA __zpR2
0A6D  C5 FB         CMP __zpR
0A6F  90 09         BCC __rt_uge16_f
0A71  A9 01         LDA #1
0A73  85 FB         STA __zpR
0A75  A9 00         LDA #0
0A77  85 FC         STA __zpR+1
0A79  60            RTS
0A7A  A9 00         LDA #0
0A7C  85 FB         STA __zpR
0A7E  85 FC         STA __zpR+1
0A80  60            RTS
0A81  A5 FB         LDA __zpR
0A83  85 02         STA __zpAP
0A85  A5 FC         LDA __zpR+1
0A87  85 03         STA __zpAP+1
0A89  A0 00         LDY #0
0A8B  B1 02         LDA (__zpAP),Y
0A8D  F0 1A         BEQ __rt_puts_done
0A8F  85 FB         STA __zpR
0A91  20 E9 09      JSR __rt_topetscii
0A94  A5 FB         LDA __zpR
0A96  20 D2 FF      JSR __CHROUT
0A99  18            CLC
0A9A  A5 02         LDA __zpAP
0A9C  69 01         ADC #1
0A9E  85 02         STA __zpAP
0AA0  A5 03         LDA __zpAP+1
0AA2  69 00         ADC #0
0AA4  85 03         STA __zpAP+1
0AA6  4C 89 0A      JMP __rt_puts_loop
0AA9  60            RTS
0ACA  AD C0 0A      LDA __fn_print_uint_v_n
0ACD  85 FB         STA __zpR
0ACF  AD C1 0A      LDA __fn_print_uint_v_n+1
0AD2  85 FC         STA __zpR+1
0AD4  20 22 08      JSR __rt_push
0AD7  A9 00         LDA #<0
0AD9  85 FB         STA __zpR
0ADB  A9 00         LDA #>0
0ADD  85 FC         STA __zpR+1
0ADF  20 35 08      JSR __rt_pop2
0AE2  20 0F 09      JSR __rt_eq16
0AE5  A5 FB         LDA __zpR
0AE7  05 FC         ORA __zpR+1
0AE9  D0 03         BNE __L2
0AEB  4C 02 0B      JMP __L0
0AEE  A9 30         LDA #<48
0AF0  85 FB         STA __zpR
0AF2  A9 00         LDA #>48
0AF4  85 FC         STA __zpR+1
0AF6  20 E9 09      JSR __rt_topetscii
0AF9  A5 FB         LDA __zpR
0AFB  20 D2 FF      JSR __CHROUT
0AFE  60            RTS
0AFF  4C 02 0B      JMP __L1
0B02  A9 00         LDA #<0
0B04  85 FB         STA __zpR
0B06  A9 00         LDA #>0
0B08  85 FC         STA __zpR+1
0B0A  A5 FB         LDA __zpR
0B0C  8D C8 0A      STA __fn_print_uint_v_i
0B0F  A5 FC         LDA __zpR+1
0B11  8D C9 0A      STA __fn_print_uint_v_i+1
0B14  AD C0 0A      LDA __fn_print_uint_v_n
0B17  85 FB         STA __zpR
0B19  AD C1 0A      LDA __fn_print_uint_v_n+1
0B1C  85 FC         STA __zpR+1
0B1E  20 22 08      JSR __rt_push
0B21  A9 00         LDA #<0
0B23  85 FB         STA __zpR
0B25  A9 00         LDA #>0
0B27  85 FC         STA __zpR+1
0B29  20 35 08      JSR __rt_pop2
0B2C  20 8D 09      JSR __rt_gt16
0B2F  A5 FB         LDA __zpR
0B31  05 FC         ORA __zpR+1
0B33  D0 03         BNE __L5
0B35  4C ED 0B      JMP __L4
0B38  AD C8 0A      LDA __fn_print_uint_v_i
0B3B  85 FB         STA __zpR
0B3D  AD C9 0A      LDA __fn_print_uint_v_i+1
0B40  85 FC         STA __zpR+1
0B42  18            CLC
0B43  A5 FB         LDA __zpR
0B45  69 C2         ADC #<__fn_print_uint_v_buf
0B47  85 02         STA __zpAP
0B49  A5 FC         LDA __zpR+1
0B4B  69 0A         ADC #>__fn_print_uint_v_buf
0B4D  85 03         STA __zpAP+1
0B4F  A5 02         LDA __zpAP
0B51  8D 1C 08      STA __zpAP2
0B54  A5 03         LDA __zpAP+1
0B56  8D 1D 08      STA __zpAP2+1
0B59  AD C0 0A      LDA __fn_print_uint_v_n
0B5C  85 FB         STA __zpR
0B5E  AD C1 0A      LDA __fn_print_uint_v_n+1
0B61  85 FC         STA __zpR+1
0B63  20 22 08      JSR __rt_push
0B66  A9 0A         LDA #<10
0B68  85 FB         STA __zpR
0B6A  A9 00         LDA #>10
0B6C  85 FC         STA __zpR+1
0B6E  20 35 08      JSR __rt_pop2
0B71  20 DA 08      JSR __rt_sdivmod16
0B74  AD 20 08      LDA __zpT0
0B77  85 FB         STA __zpR
0B79  AD 21 08      LDA __zpT0+1
0B7C  85 FC         STA __zpR+1
0B7E  AD 1C 08      LDA __zpAP2
0B81  85 02         STA __zpAP
0B83  AD 1D 08      LDA __zpAP2+1
0B86  85 03         STA __zpAP+1
0B88  A0 00         LDY #0
0B8A  A5 FB         LDA __zpR
0B8C  91 02         STA (__zpAP),Y
0B8E  AD C0 0A      LDA __fn_print_uint_v_n
0B91  85 FB         STA __zpR
0B93  AD C1 0A      LDA __fn_print_uint_v_n+1
0B96  85 FC         STA __zpR+1
0B98  20 22 08      JSR __rt_push
0B9B  A9 0A         LDA #<10
0B9D  85 FB         STA __zpR
0B9F  A9 00         LDA #>10
0BA1  85 FC         STA __zpR+1
0BA3  20 35 08      JSR __rt_pop2
0BA6  20 DA 08      JSR __rt_sdivmod16
0BA9  A5 FD         LDA __zpR2
0BAB  85 FB         STA __zpR
0BAD  A5 FE         LDA __zpR2+1
0BAF  85 FC         STA __zpR+1
0BB1  A5 FB         LDA __zpR
0BB3  8D C0 0A      STA __fn_print_uint_v_n
0BB6  A5 FC         LDA __zpR+1
0BB8  8D C1 0A      STA __fn_print_uint_v_n+1
0BBB  AD C8 0A      LDA __fn_print_uint_v_i
0BBE  85 FB         STA __zpR
0BC0  AD C9 0A      LDA __fn_print_uint_v_i+1
0BC3  85 FC         STA __zpR+1
0BC5  20 22 08      JSR __rt_push
0BC8  A9 01         LDA #<1
0BCA  85 FB         STA __zpR
0BCC  A9 00         LDA #>1
0BCE  85 FC         STA __zpR+1
0BD0  20 35 08      JSR __rt_pop2
0BD3  18            CLC
0BD4  A5 FD         LDA __zpR2
0BD6  65 FB         ADC __zpR
0BD8  85 FB         STA __zpR
0BDA  A5 FE         LDA __zpR2+1
0BDC  65 FC         ADC __zpR+1
0BDE  85 FC         STA __zpR+1
0BE0  A5 FB         LDA __zpR
0BE2  8D C8 0A      STA __fn_print_uint_v_i
0BE5  A5 FC         LDA __zpR+1
0BE7  8D C9 0A      STA __fn_print_uint_v_i+1
0BEA  4C 14 0B      JMP __L3
0BED  AD C8 0A      LDA __fn_print_uint_v_i
0BF0  85 FB         STA __zpR
0BF2  AD C9 0A      LDA __fn_print_uint_v_i+1
0BF5  85 FC         STA __zpR+1
0BF7  20 22 08      JSR __rt_push
0BFA  A9 00         LDA #<0
0BFC  85 FB         STA __zpR
0BFE  A9 00         LDA #>0
0C00  85 FC         STA __zpR+1
0C02  20 35 08      JSR __rt_pop2
0C05  20 8D 09      JSR __rt_gt16
0C08  A5 FB         LDA __zpR
0C0A  05 FC         ORA __zpR+1
0C0C  D0 03         BNE __L8
0C0E  4C 8B 0C      JMP __L7
0C11  AD C8 0A      LDA __fn_print_uint_v_i
0C14  85 FB         STA __zpR
0C16  AD C9 0A      LDA __fn_print_uint_v_i+1
0C19  85 FC         STA __zpR+1
0C1B  20 22 08      JSR __rt_push
0C1E  A9 01         LDA #<1
0C20  85 FB         STA __zpR
0C22  A9 00         LDA #>1
0C24  85 FC         STA __zpR+1
0C26  20 35 08      JSR __rt_pop2
0C29  38            SEC
0C2A  A5 FD         LDA __zpR2
0C2C  E5 FB         SBC __zpR
0C2E  85 FD         STA __zpR2
0C30  A5 FE         LDA __zpR2+1
0C32  E5 FC         SBC __zpR+1
0C34  85 FC         STA __zpR+1
0C36  A5 FD         LDA __zpR2
0C38  85 FB         STA __zpR
0C3A  A5 FB         LDA __zpR
0C3C  8D C8 0A      STA __fn_print_uint_v_i
0C3F  A5 FC         LDA __zpR+1
0C41  8D C9 0A      STA __fn_print_uint_v_i+1
0C44  AD C8 0A      LDA __fn_print_uint_v_i
0C47  85 FB         STA __zpR
0C49  AD C9 0A      LDA __fn_print_uint_v_i+1
0C4C  85 FC         STA __zpR+1
0C4E  18            CLC
0C4F  A5 FB         LDA __zpR
0C51  69 C2         ADC #<__fn_print_uint_v_buf
0C53  85 02         STA __zpAP
0C55  A5 FC         LDA __zpR+1
0C57  69 0A         ADC #>__fn_print_uint_v_buf
0C59  85 03         STA __zpAP+1
0C5B  A0 00         LDY #0
0C5D  B1 02         LDA (__zpAP),Y
0C5F  85 FB         STA __zpR
0C61  A9 00         LDA #0
0C63  85 FC         STA __zpR+1
0C65  20 22 08      JSR __rt_push
0C68  A9 30         LDA #<48
0C6A  85 FB         STA __zpR
0C6C  A9 00         LDA #>48
0C6E  85 FC         STA __zpR+1
0C70  20 35 08      JSR __rt_pop2
0C73  18            CLC
0C74  A5 FD         LDA __zpR2
0C76  65 FB         ADC __zpR
0C78  85 FB         STA __zpR
0C7A  A5 FE         LDA __zpR2+1
0C7C  65 FC         ADC __zpR+1
0C7E  85 FC         STA __zpR+1
0C80  20 E9 09      JSR __rt_topetscii
0C83  A5 FB         LDA __zpR
0C85  20 D2 FF      JSR __CHROUT
0C88  4C ED 0B      JMP __L6
0C8B  60            RTS
0C8E  AD 8C 0C      LDA __fn_print_int_v_n
0C91  85 FB         STA __zpR
0C93  AD 8D 0C      LDA __fn_print_int_v_n+1
0C96  85 FC         STA __zpR+1
0C98  20 22 08      JSR __rt_push
0C9B  A9 00         LDA #<0
0C9D  85 FB         STA __zpR
0C9F  A9 00         LDA #>0
0CA1  85 FC         STA __zpR+1
0CA3  20 35 08      JSR __rt_pop2
0CA6  20 63 09      JSR __rt_lt16
0CA9  A5 FB         LDA __zpR
0CAB  05 FC         ORA __zpR+1
0CAD  D0 03         BNE __L11
0CAF  4C EA 0C      JMP __L9
0CB2  A9 2D         LDA #<45
0CB4  85 FB         STA __zpR
0CB6  A9 00         LDA #>45
0CB8  85 FC         STA __zpR+1
0CBA  20 E9 09      JSR __rt_topetscii
0CBD  A5 FB         LDA __zpR
0CBF  20 D2 FF      JSR __CHROUT
0CC2  AD 8C 0C      LDA __fn_print_int_v_n
0CC5  85 FB         STA __zpR
0CC7  AD 8D 0C      LDA __fn_print_int_v_n+1
0CCA  85 FC         STA __zpR+1
0CCC  38            SEC
0CCD  A9 00         LDA #0
0CCF  E5 FB         SBC __zpR
0CD1  AA            TAX
0CD2  A9 00         LDA #0
0CD4  E5 FC         SBC __zpR+1
0CD6  85 FC         STA __zpR+1
0CD8  86 FB         STX __zpR
0CDA  A5 FB         LDA __zpR
0CDC  8D C0 0A      STA __fn_print_uint_v_n
0CDF  A5 FC         LDA __zpR+1
0CE1  8D C1 0A      STA __fn_print_uint_v_n+1
0CE4  20 CA 0A      JSR __fn_print_uint
0CE7  4C 01 0D      JMP __L10
0CEA  AD 8C 0C      LDA __fn_print_int_v_n
0CED  85 FB         STA __zpR
0CEF  AD 8D 0C      LDA __fn_print_int_v_n+1
0CF2  85 FC         STA __zpR+1
0CF4  A5 FB         LDA __zpR
0CF6  8D C0 0A      STA __fn_print_uint_v_n
0CF9  A5 FC         LDA __zpR+1
0CFB  8D C1 0A      STA __fn_print_uint_v_n+1
0CFE  20 CA 0A      JSR __fn_print_uint
0D01  60            RTS
0D02  A9 0D         LDA #<13
0D04  85 FB         STA __zpR
0D06  A9 00         LDA #>13
0D08  85 FC         STA __zpR+1
0D0A  20 E9 09      JSR __rt_topetscii
0D0D  A5 FB         LDA __zpR
0D0F  20 D2 FF      JSR __CHROUT
0D12  60            RTS
0D17  AD 13 0D      LDA __fn_add_v_a
0D1A  85 FB         STA __zpR
0D1C  AD 14 0D      LDA __fn_add_v_a+1
0D1F  85 FC         STA __zpR+1
0D21  20 22 08      JSR __rt_push
0D24  AD 15 0D      LDA __fn_add_v_b
0D27  85 FB         STA __zpR
0D29  AD 16 0D      LDA __fn_add_v_b+1
0D2C  85 FC         STA __zpR+1
0D2E  20 35 08      JSR __rt_pop2
0D31  18            CLC
0D32  A5 FD         LDA __zpR2
0D34  65 FB         ADC __zpR
0D36  85 FB         STA __zpR
0D38  A5 FE         LDA __zpR2+1
0D3A  65 FC         ADC __zpR+1
0D3C  85 FC         STA __zpR+1
0D3E  60            RTS
0D3F  60            RTS
0D46  A9 01         LDA #<1
0D48  85 FB         STA __zpR
0D4A  A9 00         LDA #>1
0D4C  85 FC         STA __zpR+1
0D4E  A5 FB         LDA __zpR
0D50  8D 42 0D      STA __fn_fact_v_result
0D53  A5 FC         LDA __zpR+1
0D55  8D 43 0D      STA __fn_fact_v_result+1
0D58  A9 02         LDA #<2
0D5A  85 FB         STA __zpR
0D5C  A9 00         LDA #>2
0D5E  85 FC         STA __zpR+1
0D60  A5 FB         LDA __zpR
0D62  8D 44 0D      STA __fn_fact_v_i
0D65  A5 FC         LDA __zpR+1
0D67  8D 45 0D      STA __fn_fact_v_i+1
0D6A  AD 44 0D      LDA __fn_fact_v_i
0D6D  85 FB         STA __zpR
0D6F  AD 45 0D      LDA __fn_fact_v_i+1
0D72  85 FC         STA __zpR+1
0D74  20 22 08      JSR __rt_push
0D77  AD 40 0D      LDA __fn_fact_v_n
0D7A  85 FB         STA __zpR
0D7C  AD 41 0D      LDA __fn_fact_v_n+1
0D7F  85 FC         STA __zpR+1
0D81  20 35 08      JSR __rt_pop2
0D84  20 A2 09      JSR __rt_le16
0D87  A5 FB         LDA __zpR
0D89  05 FC         ORA __zpR+1
0D8B  D0 03         BNE __L15
0D8D  4C E9 0D      JMP __L13
0D90  AD 42 0D      LDA __fn_fact_v_result
0D93  85 FB         STA __zpR
0D95  AD 43 0D      LDA __fn_fact_v_result+1
0D98  85 FC         STA __zpR+1
0D9A  20 22 08      JSR __rt_push
0D9D  AD 44 0D      LDA __fn_fact_v_i
0DA0  85 FB         STA __zpR
0DA2  AD 45 0D      LDA __fn_fact_v_i+1
0DA5  85 FC         STA __zpR+1
0DA7  20 35 08      JSR __rt_pop2
0DAA  20 48 08      JSR __rt_mul16
0DAD  A5 FB         LDA __zpR
0DAF  8D 42 0D      STA __fn_fact_v_result
0DB2  A5 FC         LDA __zpR+1
0DB4  8D 43 0D      STA __fn_fact_v_result+1
0DB7  AD 44 0D      LDA __fn_fact_v_i
0DBA  85 FB         STA __zpR
0DBC  AD 45 0D      LDA __fn_fact_v_i+1
0DBF  85 FC         STA __zpR+1
0DC1  20 22 08      JSR __rt_push
0DC4  A9 01         LDA #<1
0DC6  85 FB         STA __zpR
0DC8  A9 00         LDA #>1
0DCA  85 FC         STA __zpR+1
0DCC  20 35 08      JSR __rt_pop2
0DCF  18            CLC
0DD0  A5 FD         LDA __zpR2
0DD2  65 FB         ADC __zpR
0DD4  85 FB         STA __zpR
0DD6  A5 FE         LDA __zpR2+1
0DD8  65 FC         ADC __zpR+1
0DDA  85 FC         STA __zpR+1
0DDC  A5 FB         LDA __zpR
0DDE  8D 44 0D      STA __fn_fact_v_i
0DE1  A5 FC         LDA __zpR+1
0DE3  8D 45 0D      STA __fn_fact_v_i+1
0DE6  4C 6A 0D      JMP __L12
0DE9  AD 42 0D      LDA __fn_fact_v_result
0DEC  85 FB         STA __zpR
0DEE  AD 43 0D      LDA __fn_fact_v_result+1
0DF1  85 FC         STA __zpR+1
0DF3  60            RTS
0DF4  60            RTS
0DF5  AD AA 0A      LDA __g_g_counter
0DF8  85 FB         STA __zpR
0DFA  AD AB 0A      LDA __g_g_counter+1
0DFD  85 FC         STA __zpR+1
0DFF  20 22 08      JSR __rt_push
0E02  A9 01         LDA #<1
0E04  85 FB         STA __zpR
0E06  A9 00         LDA #>1
0E08  85 FC         STA __zpR+1
0E0A  20 35 08      JSR __rt_pop2
0E0D  18            CLC
0E0E  A5 FD         LDA __zpR2
0E10  65 FB         ADC __zpR
0E12  85 FB         STA __zpR
0E14  A5 FE         LDA __zpR2+1
0E16  65 FC         ADC __zpR+1
0E18  85 FC         STA __zpR+1
0E1A  A5 FB         LDA __zpR
0E1C  8D AA 0A      STA __g_g_counter
0E1F  A5 FC         LDA __zpR+1
0E21  8D AB 0A      STA __g_g_counter+1
0E24  A9 01         LDA #<1
0E26  85 FB         STA __zpR
0E28  A9 00         LDA #>1
0E2A  85 FC         STA __zpR+1
0E2C  60            RTS
0E2D  60            RTS
0E32  A9 11         LDA #<17
0E34  85 FB         STA __zpR
0E36  A9 00         LDA #>17
0E38  85 FC         STA __zpR+1
0E3A  20 22 08      JSR __rt_push
0E3D  A9 19         LDA #<25
0E3F  85 FB         STA __zpR
0E41  A9 00         LDA #>25
0E43  85 FC         STA __zpR+1
0E45  20 35 08      JSR __rt_pop2
0E48  18            CLC
0E49  A5 FD         LDA __zpR2
0E4B  65 FB         ADC __zpR
0E4D  85 FB         STA __zpR
0E4F  A5 FE         LDA __zpR2+1
0E51  65 FC         ADC __zpR+1
0E53  85 FC         STA __zpR+1
0E55  A5 FB         LDA __zpR
0E57  8D 8C 0C      STA __fn_print_int_v_n
0E5A  A5 FC         LDA __zpR+1
0E5C  8D 8D 0C      STA __fn_print_int_v_n+1
0E5F  20 8E 0C      JSR __fn_print_int
0E62  20 02 0D      JSR __fn_nl
0E65  A9 64         LDA #<100
0E67  85 FB         STA __zpR
0E69  A9 00         LDA #>100
0E6B  85 FC         STA __zpR+1
0E6D  20 22 08      JSR __rt_push
0E70  A9 25         LDA #<37
0E72  85 FB         STA __zpR
0E74  A9 00         LDA #>37
0E76  85 FC         STA __zpR+1
0E78  20 35 08      JSR __rt_pop2
0E7B  38            SEC
0E7C  A5 FD         LDA __zpR2
0E7E  E5 FB         SBC __zpR
0E80  85 FD         STA __zpR2
0E82  A5 FE         LDA __zpR2+1
0E84  E5 FC         SBC __zpR+1
0E86  85 FC         STA __zpR+1
0E88  A5 FD         LDA __zpR2
0E8A  85 FB         STA __zpR
0E8C  A5 FB         LDA __zpR
0E8E  8D 8C 0C      STA __fn_print_int_v_n
0E91  A5 FC         LDA __zpR+1
0E93  8D 8D 0C      STA __fn_print_int_v_n+1
0E96  20 8E 0C      JSR __fn_print_int
0E99  20 02 0D      JSR __fn_nl
0E9C  A9 06         LDA #<6
0E9E  85 FB         STA __zpR
0EA0  A9 00         LDA #>6
0EA2  85 FC         STA __zpR+1
0EA4  20 22 08      JSR __rt_push
0EA7  A9 07         LDA #<7
0EA9  85 FB         STA __zpR
0EAB  A9 00         LDA #>7
0EAD  85 FC         STA __zpR+1
0EAF  20 35 08      JSR __rt_pop2
0EB2  20 48 08      JSR __rt_mul16
0EB5  A5 FB         LDA __zpR
0EB7  8D 8C 0C      STA __fn_print_int_v_n
0EBA  A5 FC         LDA __zpR+1
0EBC  8D 8D 0C      STA __fn_print_int_v_n+1
0EBF  20 8E 0C      JSR __fn_print_int
0EC2  20 02 0D      JSR __fn_nl
0EC5  A9 32         LDA #<50
0EC7  85 FB         STA __zpR
0EC9  A9 00         LDA #>50
0ECB  85 FC         STA __zpR+1
0ECD  20 22 08      JSR __rt_push
0ED0  A9 07         LDA #<7
0ED2  85 FB         STA __zpR
0ED4  A9 00         LDA #>7
0ED6  85 FC         STA __zpR+1
0ED8  20 35 08      JSR __rt_pop2
0EDB  20 DA 08      JSR __rt_sdivmod16
0EDE  A5 FD         LDA __zpR2
0EE0  85 FB         STA __zpR
0EE2  A5 FE         LDA __zpR2+1
0EE4  85 FC         STA __zpR+1
0EE6  A5 FB         LDA __zpR
0EE8  8D 8C 0C      STA __fn_print_int_v_n
0EEB  A5 FC         LDA __zpR+1
0EED  8D 8D 0C      STA __fn_print_int_v_n+1
0EF0  20 8E 0C      JSR __fn_print_int
0EF3  20 02 0D      JSR __fn_nl
0EF6  A9 32         LDA #<50
0EF8  85 FB         STA __zpR
0EFA  A9 00         LDA #>50
0EFC  85 FC         STA __zpR+1
0EFE  20 22 08      JSR __rt_push
0F01  A9 07         LDA #<7
0F03  85 FB         STA __zpR
0F05  A9 00         LDA #>7
0F07  85 FC         STA __zpR+1
0F09  20 35 08      JSR __rt_pop2
0F0C  20 DA 08      JSR __rt_sdivmod16
0F0F  AD 20 08      LDA __zpT0
0F12  85 FB         STA __zpR
0F14  AD 21 08      LDA __zpT0+1
0F17  85 FC         STA __zpR+1
0F19  A5 FB         LDA __zpR
0F1B  8D 8C 0C      STA __fn_print_int_v_n
0F1E  A5 FC         LDA __zpR+1
0F20  8D 8D 0C      STA __fn_print_int_v_n+1
0F23  20 8E 0C      JSR __fn_print_int
0F26  20 02 0D      JSR __fn_nl
0F29  A9 07         LDA #<7
0F2B  85 FB         STA __zpR
0F2D  A9 00         LDA #>7
0F2F  85 FC         STA __zpR+1
0F31  38            SEC
0F32  A9 00         LDA #0
0F34  E5 FB         SBC __zpR
0F36  AA            TAX
0F37  A9 00         LDA #0
0F39  E5 FC         SBC __zpR+1
0F3B  85 FC         STA __zpR+1
0F3D  86 FB         STX __zpR
0F3F  20 22 08      JSR __rt_push
0F42  A9 02         LDA #<2
0F44  85 FB         STA __zpR
0F46  A9 00         LDA #>2
0F48  85 FC         STA __zpR+1
0F4A  20 35 08      JSR __rt_pop2
0F4D  20 DA 08      JSR __rt_sdivmod16
0F50  A5 FD         LDA __zpR2
0F52  85 FB         STA __zpR
0F54  A5 FE         LDA __zpR2+1
0F56  85 FC         STA __zpR+1
0F58  A5 FB         LDA __zpR
0F5A  8D 8C 0C      STA __fn_print_int_v_n
0F5D  A5 FC         LDA __zpR+1
0F5F  8D 8D 0C      STA __fn_print_int_v_n+1
0F62  20 8E 0C      JSR __fn_print_int
0F65  20 02 0D      JSR __fn_nl
0F68  A9 07         LDA #<7
0F6A  85 FB         STA __zpR
0F6C  A9 00         LDA #>7
0F6E  85 FC         STA __zpR+1
0F70  38            SEC
0F71  A9 00         LDA #0
0F73  E5 FB         SBC __zpR
0F75  AA            TAX
0F76  A9 00         LDA #0
0F78  E5 FC         SBC __zpR+1
0F7A  85 FC         STA __zpR+1
0F7C  86 FB         STX __zpR
0F7E  20 22 08      JSR __rt_push
0F81  A9 02         LDA #<2
0F83  85 FB         STA __zpR
0F85  A9 00         LDA #>2
0F87  85 FC         STA __zpR+1
0F89  20 35 08      JSR __rt_pop2
0F8C  20 DA 08      JSR __rt_sdivmod16
0F8F  AD 20 08      LDA __zpT0
0F92  85 FB         STA __zpR
0F94  AD 21 08      LDA __zpT0+1
0F97  85 FC         STA __zpR+1
0F99  A5 FB         LDA __zpR
0F9B  8D 8C 0C      STA __fn_print_int_v_n
0F9E  A5 FC         LDA __zpR+1
0FA0  8D 8D 0C      STA __fn_print_int_v_n+1
0FA3  20 8E 0C      JSR __fn_print_int
0FA6  20 02 0D      JSR __fn_nl
0FA9  A9 07         LDA #<7
0FAB  85 FB         STA __zpR
0FAD  A9 00         LDA #>7
0FAF  85 FC         STA __zpR+1
0FB1  20 22 08      JSR __rt_push
0FB4  A9 02         LDA #<2
0FB6  85 FB         STA __zpR
0FB8  A9 00         LDA #>2
0FBA  85 FC         STA __zpR+1
0FBC  38            SEC
0FBD  A9 00         LDA #0
0FBF  E5 FB         SBC __zpR
0FC1  AA            TAX
0FC2  A9 00         LDA #0
0FC4  E5 FC         SBC __zpR+1
0FC6  85 FC         STA __zpR+1
0FC8  86 FB         STX __zpR
0FCA  20 35 08      JSR __rt_pop2
0FCD  20 DA 08      JSR __rt_sdivmod16
0FD0  A5 FD         LDA __zpR2
0FD2  85 FB         STA __zpR
0FD4  A5 FE         LDA __zpR2+1
0FD6  85 FC         STA __zpR+1
0FD8  A5 FB         LDA __zpR
0FDA  8D 8C 0C      STA __fn_print_int_v_n
0FDD  A5 FC         LDA __zpR+1
0FDF  8D 8D 0C      STA __fn_print_int_v_n+1
0FE2  20 8E 0C      JSR __fn_print_int
0FE5  20 02 0D      JSR __fn_nl
0FE8  A9 07         LDA #<7
0FEA  85 FB         STA __zpR
0FEC  A9 00         LDA #>7
0FEE  85 FC         STA __zpR+1
0FF0  20 22 08      JSR __rt_push
0FF3  A9 02         LDA #<2
0FF5  85 FB         STA __zpR
0FF7  A9 00         LDA #>2
0FF9  85 FC         STA __zpR+1
0FFB  38            SEC
0FFC  A9 00         LDA #0
0FFE  E5 FB         SBC __zpR
1000  AA            TAX
1001  A9 00         LDA #0
1003  E5 FC         SBC __zpR+1
1005  85 FC         STA __zpR+1
1007  86 FB         STX __zpR
1009  20 35 08      JSR __rt_pop2
100C  20 DA 08      JSR __rt_sdivmod16
100F  AD 20 08      LDA __zpT0
1012  85 FB         STA __zpR
1014  AD 21 08      LDA __zpT0+1
1017  85 FC         STA __zpR+1
1019  A5 FB         LDA __zpR
101B  8D 8C 0C      STA __fn_print_int_v_n
101E  A5 FC         LDA __zpR+1
1020  8D 8D 0C      STA __fn_print_int_v_n+1
1023  20 8E 0C      JSR __fn_print_int
1026  20 02 0D      JSR __fn_nl
1029  A9 0C         LDA #<12
102B  85 FB         STA __zpR
102D  A9 00         LDA #>12
102F  85 FC         STA __zpR+1
1031  20 22 08      JSR __rt_push
1034  A9 0A         LDA #<10
1036  85 FB         STA __zpR
1038  A9 00         LDA #>10
103A  85 FC         STA __zpR+1
103C  20 35 08      JSR __rt_pop2
103F  A5 FD         LDA __zpR2
1041  25 FB         AND __zpR
1043  85 FB         STA __zpR
1045  A5 FE         LDA __zpR2+1
1047  25 FC         AND __zpR+1
1049  85 FC         STA __zpR+1
104B  A5 FB         LDA __zpR
104D  8D 8C 0C      STA __fn_print_int_v_n
1050  A5 FC         LDA __zpR+1
1052  8D 8D 0C      STA __fn_print_int_v_n+1
1055  20 8E 0C      JSR __fn_print_int
1058  20 02 0D      JSR __fn_nl
105B  A9 0C         LDA #<12
105D  85 FB         STA __zpR
105F  A9 00         LDA #>12
1061  85 FC         STA __zpR+1
1063  20 22 08      JSR __rt_push
1066  A9 03         LDA #<3
1068  85 FB         STA __zpR
106A  A9 00         LDA #>3
106C  85 FC         STA __zpR+1
106E  20 35 08      JSR __rt_pop2
1071  A5 FD         LDA __zpR2
1073  05 FB         ORA __zpR
1075  85 FB         STA __zpR
1077  A5 FE         LDA __zpR2+1
1079  05 FC         ORA __zpR+1
107B  85 FC         STA __zpR+1
107D  A5 FB         LDA __zpR
107F  8D 8C 0C      STA __fn_print_int_v_n
1082  A5 FC         LDA __zpR+1
1084  8D 8D 0C      STA __fn_print_int_v_n+1
1087  20 8E 0C      JSR __fn_print_int
108A  20 02 0D      JSR __fn_nl
108D  A9 0C         LDA #<12
108F  85 FB         STA __zpR
1091  A9 00         LDA #>12
1093  85 FC         STA __zpR+1
1095  20 22 08      JSR __rt_push
1098  A9 05         LDA #<5
109A  85 FB         STA __zpR
109C  A9 00         LDA #>5
109E  85 FC         STA __zpR+1
10A0  20 35 08      JSR __rt_pop2
10A3  A5 FD         LDA __zpR2
10A5  45 FB         EOR __zpR
10A7  85 FB         STA __zpR
10A9  A5 FE         LDA __zpR2+1
10AB  45 FC         EOR __zpR+1
10AD  85 FC         STA __zpR+1
10AF  A5 FB         LDA __zpR
10B1  8D 8C 0C      STA __fn_print_int_v_n
10B4  A5 FC         LDA __zpR+1
10B6  8D 8D 0C      STA __fn_print_int_v_n+1
10B9  20 8E 0C      JSR __fn_print_int
10BC  20 02 0D      JSR __fn_nl
10BF  A9 01         LDA #<1
10C1  85 FB         STA __zpR
10C3  A9 00         LDA #>1
10C5  85 FC         STA __zpR+1
10C7  20 22 08      JSR __rt_push
10CA  A9 0A         LDA #<10
10CC  85 FB         STA __zpR
10CE  A9 00         LDA #>10
10D0  85 FC         STA __zpR+1
10D2  20 35 08      JSR __rt_pop2
10D5  20 B7 09      JSR __rt_shl16
10D8  A5 FB         LDA __zpR
10DA  8D 8C 0C      STA __fn_print_int_v_n
10DD  A5 FC         LDA __zpR+1
10DF  8D 8D 0C      STA __fn_print_int_v_n+1
10E2  20 8E 0C      JSR __fn_print_int
10E5  20 02 0D      JSR __fn_nl
10E8  A9 00         LDA #<1024
10EA  85 FB         STA __zpR
10EC  A9 04         LDA #>1024
10EE  85 FC         STA __zpR+1
10F0  20 22 08      JSR __rt_push
10F3  A9 03         LDA #<3
10F5  85 FB         STA __zpR
10F7  A9 00         LDA #>3
10F9  85 FC         STA __zpR+1
10FB  20 35 08      JSR __rt_pop2
10FE  20 CE 09      JSR __rt_shr16
1101  A5 FB         LDA __zpR
1103  8D 8C 0C      STA __fn_print_int_v_n
1106  A5 FC         LDA __zpR+1
1108  8D 8D 0C      STA __fn_print_int_v_n+1
110B  20 8E 0C      JSR __fn_print_int
110E  20 02 0D      JSR __fn_nl
1111  A9 00         LDA #<0
1113  85 FB         STA __zpR
1115  A9 00         LDA #>0
1117  85 FC         STA __zpR+1
1119  A5 FB         LDA __zpR
111B  49 FF         EOR #$FF
111D  85 FB         STA __zpR
111F  A5 FC         LDA __zpR+1
1121  49 FF         EOR #$FF
1123  85 FC         STA __zpR+1
1125  A5 FB         LDA __zpR
1127  8D 8C 0C      STA __fn_print_int_v_n
112A  A5 FC         LDA __zpR+1
112C  8D 8D 0C      STA __fn_print_int_v_n+1
112F  20 8E 0C      JSR __fn_print_int
1132  20 02 0D      JSR __fn_nl
1135  A9 03         LDA #<3
1137  85 FB         STA __zpR
1139  A9 00         LDA #>3
113B  85 FC         STA __zpR+1
113D  20 22 08      JSR __rt_push
1140  A9 05         LDA #<5
1142  85 FB         STA __zpR
1144  A9 00         LDA #>5
1146  85 FC         STA __zpR+1
1148  20 35 08      JSR __rt_pop2
114B  20 63 09      JSR __rt_lt16
114E  A5 FB         LDA __zpR
1150  8D 8C 0C      STA __fn_print_int_v_n
1153  A5 FC         LDA __zpR+1
1155  8D 8D 0C      STA __fn_print_int_v_n+1
1158  20 8E 0C      JSR __fn_print_int
115B  20 02 0D      JSR __fn_nl
115E  A9 05         LDA #<5
1160  85 FB         STA __zpR
1162  A9 00         LDA #>5
1164  85 FC         STA __zpR+1
1166  20 22 08      JSR __rt_push
1169  A9 03         LDA #<3
116B  85 FB         STA __zpR
116D  A9 00         LDA #>3
116F  85 FC         STA __zpR+1
1171  20 35 08      JSR __rt_pop2
1174  20 63 09      JSR __rt_lt16
1177  A5 FB         LDA __zpR
1179  8D 8C 0C      STA __fn_print_int_v_n
117C  A5 FC         LDA __zpR+1
117E  8D 8D 0C      STA __fn_print_int_v_n+1
1181  20 8E 0C      JSR __fn_print_int
1184  20 02 0D      JSR __fn_nl
1187  A9 01         LDA #<1
1189  85 FB         STA __zpR
118B  A9 00         LDA #>1
118D  85 FC         STA __zpR+1
118F  38            SEC
1190  A9 00         LDA #0
1192  E5 FB         SBC __zpR
1194  AA            TAX
1195  A9 00         LDA #0
1197  E5 FC         SBC __zpR+1
1199  85 FC         STA __zpR+1
119B  86 FB         STX __zpR
119D  20 22 08      JSR __rt_push
11A0  A9 01         LDA #<1
11A2  85 FB         STA __zpR
11A4  A9 00         LDA #>1
11A6  85 FC         STA __zpR+1
11A8  20 35 08      JSR __rt_pop2
11AB  20 63 09      JSR __rt_lt16
11AE  A5 FB         LDA __zpR
11B0  8D 8C 0C      STA __fn_print_int_v_n
11B3  A5 FC         LDA __zpR+1
11B5  8D 8D 0C      STA __fn_print_int_v_n+1
11B8  20 8E 0C      JSR __fn_print_int
11BB  20 02 0D      JSR __fn_nl
11BE  A9 01         LDA #<1
11C0  85 FB         STA __zpR
11C2  A9 00         LDA #>1
11C4  85 FC         STA __zpR+1
11C6  38            SEC
11C7  A9 00         LDA #0
11C9  E5 FB         SBC __zpR
11CB  AA            TAX
11CC  A9 00         LDA #0
11CE  E5 FC         SBC __zpR+1
11D0  85 FC         STA __zpR+1
11D2  86 FB         STX __zpR
11D4  20 22 08      JSR __rt_push
11D7  A9 01         LDA #<1
11D9  85 FB         STA __zpR
11DB  A9 00         LDA #>1
11DD  85 FC         STA __zpR+1
11DF  20 35 08      JSR __rt_pop2
11E2  20 8D 09      JSR __rt_gt16
11E5  A5 FB         LDA __zpR
11E7  8D 8C 0C      STA __fn_print_int_v_n
11EA  A5 FC         LDA __zpR+1
11EC  8D 8D 0C      STA __fn_print_int_v_n+1
11EF  20 8E 0C      JSR __fn_print_int
11F2  20 02 0D      JSR __fn_nl
11F5  A9 05         LDA #<5
11F7  85 FB         STA __zpR
11F9  A9 00         LDA #>5
11FB  85 FC         STA __zpR+1
11FD  20 22 08      JSR __rt_push
1200  A9 05         LDA #<5
1202  85 FB         STA __zpR
1204  A9 00         LDA #>5
1206  85 FC         STA __zpR+1
1208  20 35 08      JSR __rt_pop2
120B  20 0F 09      JSR __rt_eq16
120E  A5 FB         LDA __zpR
1210  8D 8C 0C      STA __fn_print_int_v_n
1213  A5 FC         LDA __zpR+1
1215  8D 8D 0C      STA __fn_print_int_v_n+1
1218  20 8E 0C      JSR __fn_print_int
121B  20 02 0D      JSR __fn_nl
121E  A9 05         LDA #<5
1220  85 FB         STA __zpR
1222  A9 00         LDA #>5
1224  85 FC         STA __zpR+1
1226  20 22 08      JSR __rt_push
1229  A9 05         LDA #<5
122B  85 FB         STA __zpR
122D  A9 00         LDA #>5
122F  85 FC         STA __zpR+1
1231  20 35 08      JSR __rt_pop2
1234  20 2B 09      JSR __rt_ne16
1237  A5 FB         LDA __zpR
1239  8D 8C 0C      STA __fn_print_int_v_n
123C  A5 FC         LDA __zpR+1
123E  8D 8D 0C      STA __fn_print_int_v_n+1
1241  20 8E 0C      JSR __fn_print_int
1244  20 02 0D      JSR __fn_nl
1247  A9 05         LDA #<5
1249  85 FB         STA __zpR
124B  A9 00         LDA #>5
124D  85 FC         STA __zpR+1
124F  20 22 08      JSR __rt_push
1252  A9 05         LDA #<5
1254  85 FB         STA __zpR
1256  A9 00         LDA #>5
1258  85 FC         STA __zpR+1
125A  20 35 08      JSR __rt_pop2
125D  20 78 09      JSR __rt_ge16
1260  A5 FB         LDA __zpR
1262  8D 8C 0C      STA __fn_print_int_v_n
1265  A5 FC         LDA __zpR+1
1267  8D 8D 0C      STA __fn_print_int_v_n+1
126A  20 8E 0C      JSR __fn_print_int
126D  20 02 0D      JSR __fn_nl
1270  A9 05         LDA #<5
1272  85 FB         STA __zpR
1274  A9 00         LDA #>5
1276  85 FC         STA __zpR+1
1278  20 22 08      JSR __rt_push
127B  A9 04         LDA #<4
127D  85 FB         STA __zpR
127F  A9 00         LDA #>4
1281  85 FC         STA __zpR+1
1283  20 35 08      JSR __rt_pop2
1286  20 A2 09      JSR __rt_le16
1289  A5 FB         LDA __zpR
128B  8D 8C 0C      STA __fn_print_int_v_n
128E  A5 FC         LDA __zpR+1
1290  8D 8D 0C      STA __fn_print_int_v_n+1
1293  20 8E 0C      JSR __fn_print_int
1296  20 02 0D      JSR __fn_nl
1299  A9 00         LDA #<0
129B  85 FB         STA __zpR
129D  A9 00         LDA #>0
129F  85 FC         STA __zpR+1
12A1  A5 FB         LDA __zpR
12A3  8D AA 0A      STA __g_g_counter
12A6  A5 FC         LDA __zpR+1
12A8  8D AB 0A      STA __g_g_counter+1
12AB  A9 00         LDA #<0
12AD  85 FB         STA __zpR
12AF  A9 00         LDA #>0
12B1  85 FC         STA __zpR+1
12B3  A5 FB         LDA __zpR
12B5  05 FC         ORA __zpR+1
12B7  D0 03         BNE __L18
12B9  4C D3 12      JMP __L16
12BC  20 F5 0D      JSR __fn_side_effect
12BF  A5 FB         LDA __zpR
12C1  05 FC         ORA __zpR+1
12C3  D0 03         BNE __L19
12C5  4C D3 12      JMP __L16
12C8  A9 01         LDA #1
12CA  85 FB         STA __zpR
12CC  A9 00         LDA #0
12CE  85 FC         STA __zpR+1
12D0  4C D9 12      JMP __L17
12D3  A9 00         LDA #0
12D5  85 FB         STA __zpR
12D7  85 FC         STA __zpR+1
12D9  A5 FB         LDA __zpR
12DB  8D 30 0E      STA __fn_main_v_x
12DE  A5 FC         LDA __zpR+1
12E0  8D 31 0E      STA __fn_main_v_x+1
12E3  AD AA 0A      LDA __g_g_counter
12E6  85 FB         STA __zpR
12E8  AD AB 0A      LDA __g_g_counter+1
12EB  85 FC         STA __zpR+1
12ED  A5 FB         LDA __zpR
12EF  8D 8C 0C      STA __fn_print_int_v_n
12F2  A5 FC         LDA __zpR+1
12F4  8D 8D 0C      STA __fn_print_int_v_n+1
12F7  20 8E 0C      JSR __fn_print_int
12FA  20 02 0D      JSR __fn_nl
12FD  A9 01         LDA #<1
12FF  85 FB         STA __zpR
1301  A9 00         LDA #>1
1303  85 FC         STA __zpR+1
1305  A5 FB         LDA __zpR
1307  05 FC         ORA __zpR+1
1309  F0 03         BEQ __L22
130B  4C 23 13      JMP __L20
130E  20 F5 0D      JSR __fn_side_effect
1311  A5 FB         LDA __zpR
1313  05 FC         ORA __zpR+1
1315  F0 03         BEQ __L23
1317  4C 23 13      JMP __L20
131A  A9 00         LDA #0
131C  85 FB         STA __zpR
131E  85 FC         STA __zpR+1
1320  4C 2B 13      JMP __L21
1323  A9 01         LDA #1
1325  85 FB         STA __zpR
1327  A9 00         LDA #0
1329  85 FC         STA __zpR+1
132B  A5 FB         LDA __zpR
132D  8D 30 0E      STA __fn_main_v_x
1330  A5 FC         LDA __zpR+1
1332  8D 31 0E      STA __fn_main_v_x+1
1335  AD AA 0A      LDA __g_g_counter
1338  85 FB         STA __zpR
133A  AD AB 0A      LDA __g_g_counter+1
133D  85 FC         STA __zpR+1
133F  A5 FB         LDA __zpR
1341  8D 8C 0C      STA __fn_print_int_v_n
1344  A5 FC         LDA __zpR+1
1346  8D 8D 0C      STA __fn_print_int_v_n+1
1349  20 8E 0C      JSR __fn_print_int
134C  20 02 0D      JSR __fn_nl
134F  A9 01         LDA #<1
1351  85 FB         STA __zpR
1353  A9 00         LDA #>1
1355  85 FC         STA __zpR+1
1357  A5 FB         LDA __zpR
1359  05 FC         ORA __zpR+1
135B  D0 03         BNE __L26
135D  4C 77 13      JMP __L24
1360  20 F5 0D      JSR __fn_side_effect
1363  A5 FB         LDA __zpR
1365  05 FC         ORA __zpR+1
1367  D0 03         BNE __L27
1369  4C 77 13      JMP __L24
136C  A9 01         LDA #1
136E  85 FB         STA __zpR
1370  A9 00         LDA #0
1372  85 FC         STA __zpR+1
1374  4C 7D 13      JMP __L25
1377  A9 00         LDA #0
1379  85 FB         STA __zpR
137B  85 FC         STA __zpR+1
137D  A5 FB         LDA __zpR
137F  8D 30 0E      STA __fn_main_v_x
1382  A5 FC         LDA __zpR+1
1384  8D 31 0E      STA __fn_main_v_x+1
1387  AD AA 0A      LDA __g_g_counter
138A  85 FB         STA __zpR
138C  AD AB 0A      LDA __g_g_counter+1
138F  85 FC         STA __zpR+1
1391  A5 FB         LDA __zpR
1393  8D 8C 0C      STA __fn_print_int_v_n
1396  A5 FC         LDA __zpR+1
1398  8D 8D 0C      STA __fn_print_int_v_n+1
139B  20 8E 0C      JSR __fn_print_int
139E  20 02 0D      JSR __fn_nl
13A1  A9 13         LDA #<19
13A3  85 FB         STA __zpR
13A5  A9 00         LDA #>19
13A7  85 FC         STA __zpR+1
13A9  A5 FB         LDA __zpR
13AB  8D 13 0D      STA __fn_add_v_a
13AE  A5 FC         LDA __zpR+1
13B0  8D 14 0D      STA __fn_add_v_a+1
13B3  A9 17         LDA #<23
13B5  85 FB         STA __zpR
13B7  A9 00         LDA #>23
13B9  85 FC         STA __zpR+1
13BB  A5 FB         LDA __zpR
13BD  8D 15 0D      STA __fn_add_v_b
13C0  A5 FC         LDA __zpR+1
13C2  8D 16 0D      STA __fn_add_v_b+1
13C5  20 17 0D      JSR __fn_add
13C8  A5 FB         LDA __zpR
13CA  8D 8C 0C      STA __fn_print_int_v_n
13CD  A5 FC         LDA __zpR+1
13CF  8D 8D 0C      STA __fn_print_int_v_n+1
13D2  20 8E 0C      JSR __fn_print_int
13D5  20 02 0D      JSR __fn_nl
13D8  A9 05         LDA #<5
13DA  85 FB         STA __zpR
13DC  A9 00         LDA #>5
13DE  85 FC         STA __zpR+1
13E0  A5 FB         LDA __zpR
13E2  8D 40 0D      STA __fn_fact_v_n
13E5  A5 FC         LDA __zpR+1
13E7  8D 41 0D      STA __fn_fact_v_n+1
13EA  20 46 0D      JSR __fn_fact
13ED  A5 FB         LDA __zpR
13EF  8D 8C 0C      STA __fn_print_int_v_n
13F2  A5 FC         LDA __zpR+1
13F4  8D 8D 0C      STA __fn_print_int_v_n+1
13F7  20 8E 0C      JSR __fn_print_int
13FA  20 02 0D      JSR __fn_nl
13FD  A9 00         LDA #<0
13FF  85 FB         STA __zpR
1401  A9 00         LDA #>0
1403  85 FC         STA __zpR+1
1405  A5 FB         LDA __zpR
1407  8D 2E 0E      STA __fn_main_v_i
140A  A5 FC         LDA __zpR+1
140C  8D 2F 0E      STA __fn_main_v_i+1
140F  AD 2E 0E      LDA __fn_main_v_i
1412  85 FB         STA __zpR
1414  AD 2F 0E      LDA __fn_main_v_i+1
1417  85 FC         STA __zpR+1
1419  20 22 08      JSR __rt_push
141C  A9 06         LDA #<6
141E  85 FB         STA __zpR
1420  A9 00         LDA #>6
1422  85 FC         STA __zpR+1
1424  20 35 08      JSR __rt_pop2
1427  20 63 09      JSR __rt_lt16
142A  A5 FB         LDA __zpR
142C  05 FC         ORA __zpR+1
142E  D0 03         BNE __L31
1430  4C BC 14      JMP __L29
1433  AD 2E 0E      LDA __fn_main_v_i
1436  85 FB         STA __zpR
1438  AD 2F 0E      LDA __fn_main_v_i+1
143B  85 FC         STA __zpR+1
143D  06 FB         ASL __zpR
143F  26 FC         ROL __zpR+1
1441  18            CLC
1442  A5 FB         LDA __zpR
1444  69 AC         ADC #<__g_arr
1446  85 02         STA __zpAP
1448  A5 FC         LDA __zpR+1
144A  69 0A         ADC #>__g_arr
144C  85 03         STA __zpAP+1
144E  A5 02         LDA __zpAP
1450  8D 1C 08      STA __zpAP2
1453  A5 03         LDA __zpAP+1
1455  8D 1D 08      STA __zpAP2+1
1458  AD 2E 0E      LDA __fn_main_v_i
145B  85 FB         STA __zpR
145D  AD 2F 0E      LDA __fn_main_v_i+1
1460  85 FC         STA __zpR+1
1462  20 22 08      JSR __rt_push
1465  AD 2E 0E      LDA __fn_main_v_i
1468  85 FB         STA __zpR
146A  AD 2F 0E      LDA __fn_main_v_i+1
146D  85 FC         STA __zpR+1
146F  20 35 08      JSR __rt_pop2
1472  20 48 08      JSR __rt_mul16
1475  AD 1C 08      LDA __zpAP2
1478  85 02         STA __zpAP
147A  AD 1D 08      LDA __zpAP2+1
147D  85 03         STA __zpAP+1
147F  A0 00         LDY #0
1481  A5 FB         LDA __zpR
1483  91 02         STA (__zpAP),Y
1485  C8            INY
1486  A5 FC         LDA __zpR+1
1488  91 02         STA (__zpAP),Y
148A  AD 2E 0E      LDA __fn_main_v_i
148D  85 FB         STA __zpR
148F  AD 2F 0E      LDA __fn_main_v_i+1
1492  85 FC         STA __zpR+1
1494  20 22 08      JSR __rt_push
1497  A9 01         LDA #<1
1499  85 FB         STA __zpR
149B  A9 00         LDA #>1
149D  85 FC         STA __zpR+1
149F  20 35 08      JSR __rt_pop2
14A2  18            CLC
14A3  A5 FD         LDA __zpR2
14A5  65 FB         ADC __zpR
14A7  85 FB         STA __zpR
14A9  A5 FE         LDA __zpR2+1
14AB  65 FC         ADC __zpR+1
14AD  85 FC         STA __zpR+1
14AF  A5 FB         LDA __zpR
14B1  8D 2E 0E      STA __fn_main_v_i
14B4  A5 FC         LDA __zpR+1
14B6  8D 2F 0E      STA __fn_main_v_i+1
14B9  4C 0F 14      JMP __L28
14BC  A9 00         LDA #<0
14BE  85 FB         STA __zpR
14C0  A9 00         LDA #>0
14C2  85 FC         STA __zpR+1
14C4  A5 FB         LDA __zpR
14C6  8D 2E 0E      STA __fn_main_v_i
14C9  A5 FC         LDA __zpR+1
14CB  8D 2F 0E      STA __fn_main_v_i+1
14CE  AD 2E 0E      LDA __fn_main_v_i
14D1  85 FB         STA __zpR
14D3  AD 2F 0E      LDA __fn_main_v_i+1
14D6  85 FC         STA __zpR+1
14D8  20 22 08      JSR __rt_push
14DB  A9 06         LDA #<6
14DD  85 FB         STA __zpR
14DF  A9 00         LDA #>6
14E1  85 FC         STA __zpR+1
14E3  20 35 08      JSR __rt_pop2
14E6  20 63 09      JSR __rt_lt16
14E9  A5 FB         LDA __zpR
14EB  05 FC         ORA __zpR+1
14ED  D0 03         BNE __L35
14EF  4C 67 15      JMP __L33
14F2  AD 2E 0E      LDA __fn_main_v_i
14F5  85 FB         STA __zpR
14F7  AD 2F 0E      LDA __fn_main_v_i+1
14FA  85 FC         STA __zpR+1
14FC  06 FB         ASL __zpR
14FE  26 FC         ROL __zpR+1
1500  18            CLC
1501  A5 FB         LDA __zpR
1503  69 AC         ADC #<__g_arr
1505  85 02         STA __zpAP
1507  A5 FC         LDA __zpR+1
1509  69 0A         ADC #>__g_arr
150B  85 03         STA __zpAP+1
150D  A0 00         LDY #0
150F  B1 02         LDA (__zpAP),Y
1511  85 FB         STA __zpR
1513  C8            INY
1514  B1 02         LDA (__zpAP),Y
1516  85 FC         STA __zpR+1
1518  A5 FB         LDA __zpR
151A  8D 8C 0C      STA __fn_print_int_v_n
151D  A5 FC         LDA __zpR+1
151F  8D 8D 0C      STA __fn_print_int_v_n+1
1522  20 8E 0C      JSR __fn_print_int
1525  A9 20         LDA #<32
1527  85 FB         STA __zpR
1529  A9 00         LDA #>32
152B  85 FC         STA __zpR+1
152D  20 E9 09      JSR __rt_topetscii
1530  A5 FB         LDA __zpR
1532  20 D2 FF      JSR __CHROUT
1535  AD 2E 0E      LDA __fn_main_v_i
1538  85 FB         STA __zpR
153A  AD 2F 0E      LDA __fn_main_v_i+1
153D  85 FC         STA __zpR+1
153F  20 22 08      JSR __rt_push
1542  A9 01         LDA #<1
1544  85 FB         STA __zpR
1546  A9 00         LDA #>1
1548  85 FC         STA __zpR+1
154A  20 35 08      JSR __rt_pop2
154D  18            CLC
154E  A5 FD         LDA __zpR2
1550  65 FB         ADC __zpR
1552  85 FB         STA __zpR
1554  A5 FE         LDA __zpR2+1
1556  65 FC         ADC __zpR+1
1558  85 FC         STA __zpR+1
155A  A5 FB         LDA __zpR
155C  8D 2E 0E      STA __fn_main_v_i
155F  A5 FC         LDA __zpR+1
1561  8D 2F 0E      STA __fn_main_v_i+1
1564  4C CE 14      JMP __L32
1567  20 02 0D      JSR __fn_nl
156A  A9 02         LDA #<2
156C  85 FB         STA __zpR
156E  A9 00         LDA #>2
1570  85 FC         STA __zpR+1
1572  06 FB         ASL __zpR
1574  26 FC         ROL __zpR+1
1576  18            CLC
1577  A5 FB         LDA __zpR
1579  69 AC         ADC #<__g_arr
157B  85 02         STA __zpAP
157D  A5 FC         LDA __zpR+1
157F  69 0A         ADC #>__g_arr
1581  85 03         STA __zpAP+1
1583  A5 02         LDA __zpAP
1585  8D 1C 08      STA __zpAP2
1588  A5 03         LDA __zpAP+1
158A  8D 1D 08      STA __zpAP2+1
158D  A0 00         LDY #0
158F  B1 02         LDA (__zpAP),Y
1591  85 FB         STA __zpR
1593  C8            INY
1594  B1 02         LDA (__zpAP),Y
1596  85 FC         STA __zpR+1
1598  20 22 08      JSR __rt_push
159B  A9 64         LDA #<100
159D  85 FB         STA __zpR
159F  A9 00         LDA #>100
15A1  85 FC         STA __zpR+1
15A3  20 35 08      JSR __rt_pop2
15A6  18            CLC
15A7  A5 FD         LDA __zpR2
15A9  65 FB         ADC __zpR
15AB  85 FB         STA __zpR
15AD  A5 FE         LDA __zpR2+1
15AF  65 FC         ADC __zpR+1
15B1  85 FC         STA __zpR+1
15B3  AD 1C 08      LDA __zpAP2
15B6  85 02         STA __zpAP
15B8  AD 1D 08      LDA __zpAP2+1
15BB  85 03         STA __zpAP+1
15BD  A0 00         LDY #0
15BF  A5 FB         LDA __zpR
15C1  91 02         STA (__zpAP),Y
15C3  C8            INY
15C4  A5 FC         LDA __zpR+1
15C6  91 02         STA (__zpAP),Y
15C8  A9 02         LDA #<2
15CA  85 FB         STA __zpR
15CC  A9 00         LDA #>2
15CE  85 FC         STA __zpR+1
15D0  06 FB         ASL __zpR
15D2  26 FC         ROL __zpR+1
15D4  18            CLC
15D5  A5 FB         LDA __zpR
15D7  69 AC         ADC #<__g_arr
15D9  85 02         STA __zpAP
15DB  A5 FC         LDA __zpR+1
15DD  69 0A         ADC #>__g_arr
15DF  85 03         STA __zpAP+1
15E1  A0 00         LDY #0
15E3  B1 02         LDA (__zpAP),Y
15E5  85 FB         STA __zpR
15E7  C8            INY
15E8  B1 02         LDA (__zpAP),Y
15EA  85 FC         STA __zpR+1
15EC  A5 FB         LDA __zpR
15EE  8D 8C 0C      STA __fn_print_int_v_n
15F1  A5 FC         LDA __zpR+1
15F3  8D 8D 0C      STA __fn_print_int_v_n+1
15F6  20 8E 0C      JSR __fn_print_int
15F9  20 02 0D      JSR __fn_nl
15FC  A9 03         LDA #<3
15FE  85 FB         STA __zpR
1600  A9 00         LDA #>3
1602  85 FC         STA __zpR+1
1604  06 FB         ASL __zpR
1606  26 FC         ROL __zpR+1
1608  18            CLC
1609  A5 FB         LDA __zpR
160B  69 AC         ADC #<__g_arr
160D  85 02         STA __zpAP
160F  A5 FC         LDA __zpR+1
1611  69 0A         ADC #>__g_arr
1613  85 03         STA __zpAP+1
1615  A0 00         LDY #0
1617  B1 02         LDA (__zpAP),Y
1619  85 FB         STA __zpR
161B  C8            INY
161C  B1 02         LDA (__zpAP),Y
161E  85 FC         STA __zpR+1
1620  A5 FB         LDA __zpR
1622  85 FD         STA __zpR2
1624  A5 FC         LDA __zpR+1
1626  85 FE         STA __zpR2+1
1628  18            CLC
1629  A5 FB         LDA __zpR
162B  69 01         ADC #1
162D  85 FB         STA __zpR
162F  A5 FC         LDA __zpR+1
1631  69 00         ADC #0
1633  85 FC         STA __zpR+1
1635  A0 00         LDY #0
1637  A5 FB         LDA __zpR
1639  91 02         STA (__zpAP),Y
163B  C8            INY
163C  A5 FC         LDA __zpR+1
163E  91 02         STA (__zpAP),Y
1640  A5 FD         LDA __zpR2
1642  85 FB         STA __zpR
1644  A5 FE         LDA __zpR2+1
1646  85 FC         STA __zpR+1
1648  A9 03         LDA #<3
164A  85 FB         STA __zpR
164C  A9 00         LDA #>3
164E  85 FC         STA __zpR+1
1650  06 FB         ASL __zpR
1652  26 FC         ROL __zpR+1
1654  18            CLC
1655  A5 FB         LDA __zpR
1657  69 AC         ADC #<__g_arr
1659  85 02         STA __zpAP
165B  A5 FC         LDA __zpR+1
165D  69 0A         ADC #>__g_arr
165F  85 03         STA __zpAP+1
1661  A0 00         LDY #0
1663  B1 02         LDA (__zpAP),Y
1665  85 FB         STA __zpR
1667  C8            INY
1668  B1 02         LDA (__zpAP),Y
166A  85 FC         STA __zpR+1
166C  A5 FB         LDA __zpR
166E  8D 8C 0C      STA __fn_print_int_v_n
1671  A5 FC         LDA __zpR+1
1673  8D 8D 0C      STA __fn_print_int_v_n+1
1676  20 8E 0C      JSR __fn_print_int
1679  20 02 0D      JSR __fn_nl
167C  A9 04         LDA #<4
167E  85 FB         STA __zpR
1680  A9 00         LDA #>4
1682  85 FC         STA __zpR+1
1684  06 FB         ASL __zpR
1686  26 FC         ROL __zpR+1
1688  18            CLC
1689  A5 FB         LDA __zpR
168B  69 AC         ADC #<__g_arr
168D  85 02         STA __zpAP
168F  A5 FC         LDA __zpR+1
1691  69 0A         ADC #>__g_arr
1693  85 03         STA __zpAP+1
1695  A0 00         LDY #0
1697  B1 02         LDA (__zpAP),Y
1699  85 FB         STA __zpR
169B  C8            INY
169C  B1 02         LDA (__zpAP),Y
169E  85 FC         STA __zpR+1
16A0  18            CLC
16A1  A5 FB         LDA __zpR
16A3  69 01         ADC #1
16A5  85 FB         STA __zpR
16A7  A5 FC         LDA __zpR+1
16A9  69 00         ADC #0
16AB  85 FC         STA __zpR+1
16AD  A0 00         LDY #0
16AF  A5 FB         LDA __zpR
16B1  91 02         STA (__zpAP),Y
16B3  C8            INY
16B4  A5 FC         LDA __zpR+1
16B6  91 02         STA (__zpAP),Y
16B8  A9 04         LDA #<4
16BA  85 FB         STA __zpR
16BC  A9 00         LDA #>4
16BE  85 FC         STA __zpR+1
16C0  06 FB         ASL __zpR
16C2  26 FC         ROL __zpR+1
16C4  18            CLC
16C5  A5 FB         LDA __zpR
16C7  69 AC         ADC #<__g_arr
16C9  85 02         STA __zpAP
16CB  A5 FC         LDA __zpR+1
16CD  69 0A         ADC #>__g_arr
16CF  85 03         STA __zpAP+1
16D1  A0 00         LDY #0
16D3  B1 02         LDA (__zpAP),Y
16D5  85 FB         STA __zpR
16D7  C8            INY
16D8  B1 02         LDA (__zpAP),Y
16DA  85 FC         STA __zpR+1
16DC  A5 FB         LDA __zpR
16DE  8D 8C 0C      STA __fn_print_int_v_n
16E1  A5 FC         LDA __zpR+1
16E3  8D 8D 0C      STA __fn_print_int_v_n+1
16E6  20 8E 0C      JSR __fn_print_int
16E9  20 02 0D      JSR __fn_nl
16EC  A9 05         LDA #<5
16EE  85 FB         STA __zpR
16F0  A9 00         LDA #>5
16F2  85 FC         STA __zpR+1
16F4  06 FB         ASL __zpR
16F6  26 FC         ROL __zpR+1
16F8  18            CLC
16F9  A5 FB         LDA __zpR
16FB  69 AC         ADC #<__g_arr
16FD  85 02         STA __zpAP
16FF  A5 FC         LDA __zpR+1
1701  69 0A         ADC #>__g_arr
1703  85 03         STA __zpAP+1
1705  A0 00         LDY #0
1707  B1 02         LDA (__zpAP),Y
1709  85 FB         STA __zpR
170B  C8            INY
170C  B1 02         LDA (__zpAP),Y
170E  85 FC         STA __zpR+1
1710  A5 FB         LDA __zpR
1712  85 FD         STA __zpR2
1714  A5 FC         LDA __zpR+1
1716  85 FE         STA __zpR2+1
1718  38            SEC
1719  A5 FB         LDA __zpR
171B  E9 01         SBC #1
171D  85 FB         STA __zpR
171F  A5 FC         LDA __zpR+1
1721  E9 00         SBC #0
1723  85 FC         STA __zpR+1
1725  A0 00         LDY #0
1727  A5 FB         LDA __zpR
1729  91 02         STA (__zpAP),Y
172B  C8            INY
172C  A5 FC         LDA __zpR+1
172E  91 02         STA (__zpAP),Y
1730  A5 FD         LDA __zpR2
1732  85 FB         STA __zpR
1734  A5 FE         LDA __zpR2+1
1736  85 FC         STA __zpR+1
1738  A9 05         LDA #<5
173A  85 FB         STA __zpR
173C  A9 00         LDA #>5
173E  85 FC         STA __zpR+1
1740  06 FB         ASL __zpR
1742  26 FC         ROL __zpR+1
1744  18            CLC
1745  A5 FB         LDA __zpR
1747  69 AC         ADC #<__g_arr
1749  85 02         STA __zpAP
174B  A5 FC         LDA __zpR+1
174D  69 0A         ADC #>__g_arr
174F  85 03         STA __zpAP+1
1751  A0 00         LDY #0
1753  B1 02         LDA (__zpAP),Y
1755  85 FB         STA __zpR
1757  C8            INY
1758  B1 02         LDA (__zpAP),Y
175A  85 FC         STA __zpR+1
175C  A5 FB         LDA __zpR
175E  8D 8C 0C      STA __fn_print_int_v_n
1761  A5 FC         LDA __zpR+1
1763  8D 8D 0C      STA __fn_print_int_v_n+1
1766  20 8E 0C      JSR __fn_print_int
1769  20 02 0D      JSR __fn_nl
176C  A9 00         LDA #<0
176E  85 FB         STA __zpR
1770  A9 00         LDA #>0
1772  85 FC         STA __zpR+1
1774  18            CLC
1775  A5 FB         LDA __zpR
1777  69 B8         ADC #<__g_cbuf
1779  85 02         STA __zpAP
177B  A5 FC         LDA __zpR+1
177D  69 0A         ADC #>__g_cbuf
177F  85 03         STA __zpAP+1
1781  A5 02         LDA __zpAP
1783  8D 1C 08      STA __zpAP2
1786  A5 03         LDA __zpAP+1
1788  8D 1D 08      STA __zpAP2+1
178B  A9 58         LDA #<88
178D  85 FB         STA __zpR
178F  A9 00         LDA #>88
1791  85 FC         STA __zpR+1
1793  AD 1C 08      LDA __zpAP2
1796  85 02         STA __zpAP
1798  AD 1D 08      LDA __zpAP2+1
179B  85 03         STA __zpAP+1
179D  A0 00         LDY #0
179F  A5 FB         LDA __zpR
17A1  91 02         STA (__zpAP),Y
17A3  A9 00         LDA #<1024
17A5  85 FB         STA __zpR
17A7  A9 04         LDA #>1024
17A9  85 FC         STA __zpR+1
17AB  A5 FB         LDA __zpR
17AD  85 02         STA __zpAP
17AF  A5 FC         LDA __zpR+1
17B1  85 03         STA __zpAP+1
17B3  A5 02         LDA __zpAP
17B5  8D 1C 08      STA __zpAP2
17B8  A5 03         LDA __zpAP+1
17BA  8D 1D 08      STA __zpAP2+1
17BD  A9 41         LDA #<65
17BF  85 FB         STA __zpR
17C1  A9 00         LDA #>65
17C3  85 FC         STA __zpR+1
17C5  AD 1C 08      LDA __zpAP2
17C8  85 02         STA __zpAP
17CA  AD 1D 08      LDA __zpAP2+1
17CD  85 03         STA __zpAP+1
17CF  A0 00         LDY #0
17D1  A5 FB         LDA __zpR
17D3  91 02         STA (__zpAP),Y
17D5  A9 00         LDA #<1024
17D7  85 FB         STA __zpR
17D9  A9 04         LDA #>1024
17DB  85 FC         STA __zpR+1
17DD  A5 FB         LDA __zpR
17DF  85 02         STA __zpAP
17E1  A5 FC         LDA __zpR+1
17E3  85 03         STA __zpAP+1
17E5  A0 00         LDY #0
17E7  B1 02         LDA (__zpAP),Y
17E9  85 FB         STA __zpR
17EB  A9 00         LDA #0
17ED  85 FC         STA __zpR+1
17EF  A5 FB         LDA __zpR
17F1  8D 8C 0C      STA __fn_print_int_v_n
17F4  A5 FC         LDA __zpR+1
17F6  8D 8D 0C      STA __fn_print_int_v_n+1
17F9  20 8E 0C      JSR __fn_print_int
17FC  20 02 0D      JSR __fn_nl
17FF  A9 00         LDA #<0
1801  85 FB         STA __zpR
1803  A9 00         LDA #>0
1805  85 FC         STA __zpR+1
1807  18            CLC
1808  A5 FB         LDA __zpR
180A  69 B8         ADC #<__g_cbuf
180C  85 02         STA __zpAP
180E  A5 FC         LDA __zpR+1
1810  69 0A         ADC #>__g_cbuf
1812  85 03         STA __zpAP+1
1814  A0 00         LDY #0
1816  B1 02         LDA (__zpAP),Y
1818  85 FB         STA __zpR
181A  A9 00         LDA #0
181C  85 FC         STA __zpR+1
181E  20 E9 09      JSR __rt_topetscii
1821  A5 FB         LDA __zpR
1823  20 D2 FF      JSR __CHROUT
1826  20 02 0D      JSR __fn_nl
1829  A9 00         LDA #<0
182B  85 FB         STA __zpR
182D  A9 00         LDA #>0
182F  85 FC         STA __zpR+1
1831  A5 FB         LDA __zpR
1833  8D 30 0E      STA __fn_main_v_x
1836  A5 FC         LDA __zpR+1
1838  8D 31 0E      STA __fn_main_v_x+1
183B  A9 00         LDA #<0
183D  85 FB         STA __zpR
183F  A9 00         LDA #>0
1841  85 FC         STA __zpR+1
1843  A5 FB         LDA __zpR
1845  8D 2E 0E      STA __fn_main_v_i
1848  A5 FC         LDA __zpR+1
184A  8D 2F 0E      STA __fn_main_v_i+1
184D  AD 2E 0E      LDA __fn_main_v_i
1850  85 FB         STA __zpR
1852  AD 2F 0E      LDA __fn_main_v_i+1
1855  85 FC         STA __zpR+1
1857  20 22 08      JSR __rt_push
185A  A9 0A         LDA #<10
185C  85 FB         STA __zpR
185E  A9 00         LDA #>10
1860  85 FC         STA __zpR+1
1862  20 35 08      JSR __rt_pop2
1865  20 63 09      JSR __rt_lt16
1868  A5 FB         LDA __zpR
186A  05 FC         ORA __zpR+1
186C  D0 03         BNE __L39
186E  4C 28 19      JMP __L37
1871  AD 2E 0E      LDA __fn_main_v_i
1874  85 FB         STA __zpR
1876  AD 2F 0E      LDA __fn_main_v_i+1
1879  85 FC         STA __zpR+1
187B  20 22 08      JSR __rt_push
187E  A9 03         LDA #<3
1880  85 FB         STA __zpR
1882  A9 00         LDA #>3
1884  85 FC         STA __zpR+1
1886  20 35 08      JSR __rt_pop2
1889  20 0F 09      JSR __rt_eq16
188C  A5 FB         LDA __zpR
188E  05 FC         ORA __zpR+1
1890  D0 03         BNE __L42
1892  4C 9B 18      JMP __L40
1895  4C F6 18      JMP __L38
1898  4C 9B 18      JMP __L41
189B  AD 2E 0E      LDA __fn_main_v_i
189E  85 FB         STA __zpR
18A0  AD 2F 0E      LDA __fn_main_v_i+1
18A3  85 FC         STA __zpR+1
18A5  20 22 08      JSR __rt_push
18A8  A9 07         LDA #<7
18AA  85 FB         STA __zpR
18AC  A9 00         LDA #>7
18AE  85 FC         STA __zpR+1
18B0  20 35 08      JSR __rt_pop2
18B3  20 0F 09      JSR __rt_eq16
18B6  A5 FB         LDA __zpR
18B8  05 FC         ORA __zpR+1
18BA  D0 03         BNE __L45
18BC  4C C5 18      JMP __L43
18BF  4C 28 19      JMP __L37
18C2  4C C5 18      JMP __L44
18C5  AD 30 0E      LDA __fn_main_v_x
18C8  85 FB         STA __zpR
18CA  AD 31 0E      LDA __fn_main_v_x+1
18CD  85 FC         STA __zpR+1
18CF  20 22 08      JSR __rt_push
18D2  AD 2E 0E      LDA __fn_main_v_i
18D5  85 FB         STA __zpR
18D7  AD 2F 0E      LDA __fn_main_v_i+1
18DA  85 FC         STA __zpR+1
18DC  20 35 08      JSR __rt_pop2
18DF  18            CLC
18E0  A5 FD         LDA __zpR2
18E2  65 FB         ADC __zpR
18E4  85 FB         STA __zpR
18E6  A5 FE         LDA __zpR2+1
18E8  65 FC         ADC __zpR+1
18EA  85 FC         STA __zpR+1
18EC  A5 FB         LDA __zpR
18EE  8D 30 0E      STA __fn_main_v_x
18F1  A5 FC         LDA __zpR+1
18F3  8D 31 0E      STA __fn_main_v_x+1
18F6  AD 2E 0E      LDA __fn_main_v_i
18F9  85 FB         STA __zpR
18FB  AD 2F 0E      LDA __fn_main_v_i+1
18FE  85 FC         STA __zpR+1
1900  20 22 08      JSR __rt_push
1903  A9 01         LDA #<1
1905  85 FB         STA __zpR
1907  A9 00         LDA #>1
1909  85 FC         STA __zpR+1
190B  20 35 08      JSR __rt_pop2
190E  18            CLC
190F  A5 FD         LDA __zpR2
1911  65 FB         ADC __zpR
1913  85 FB         STA __zpR
1915  A5 FE         LDA __zpR2+1
1917  65 FC         ADC __zpR+1
1919  85 FC         STA __zpR+1
191B  A5 FB         LDA __zpR
191D  8D 2E 0E      STA __fn_main_v_i
1920  A5 FC         LDA __zpR+1
1922  8D 2F 0E      STA __fn_main_v_i+1
1925  4C 4D 18      JMP __L36
1928  AD 30 0E      LDA __fn_main_v_x
192B  85 FB         STA __zpR
192D  AD 31 0E      LDA __fn_main_v_x+1
1930  85 FC         STA __zpR+1
1932  A5 FB         LDA __zpR
1934  8D 8C 0C      STA __fn_print_int_v_n
1937  A5 FC         LDA __zpR+1
1939  8D 8D 0C      STA __fn_print_int_v_n+1
193C  20 8E 0C      JSR __fn_print_int
193F  20 02 0D      JSR __fn_nl
1942  A9 05         LDA #<5
1944  85 FB         STA __zpR
1946  A9 00         LDA #>5
1948  85 FC         STA __zpR+1
194A  A5 FB         LDA __zpR
194C  8D 2E 0E      STA __fn_main_v_i
194F  A5 FC         LDA __zpR+1
1951  8D 2F 0E      STA __fn_main_v_i+1
1954  AD 2E 0E      LDA __fn_main_v_i
1957  85 FB         STA __zpR
1959  AD 2F 0E      LDA __fn_main_v_i+1
195C  85 FC         STA __zpR+1
195E  A5 FB         LDA __zpR
1960  85 FD         STA __zpR2
1962  A5 FC         LDA __zpR+1
1964  85 FE         STA __zpR2+1
1966  18            CLC
1967  A5 FB         LDA __zpR
1969  69 01         ADC #1
196B  85 FB         STA __zpR
196D  A5 FC         LDA __zpR+1
196F  69 00         ADC #0
1971  85 FC         STA __zpR+1
1973  A5 FB         LDA __zpR
1975  8D 2E 0E      STA __fn_main_v_i
1978  A5 FC         LDA __zpR+1
197A  8D 2F 0E      STA __fn_main_v_i+1
197D  A5 FD         LDA __zpR2
197F  85 FB         STA __zpR
1981  A5 FE         LDA __zpR2+1
1983  85 FC         STA __zpR+1
1985  A5 FB         LDA __zpR
1987  8D 8C 0C      STA __fn_print_int_v_n
198A  A5 FC         LDA __zpR+1
198C  8D 8D 0C      STA __fn_print_int_v_n+1
198F  20 8E 0C      JSR __fn_print_int
1992  20 02 0D      JSR __fn_nl
1995  AD 2E 0E      LDA __fn_main_v_i
1998  85 FB         STA __zpR
199A  AD 2F 0E      LDA __fn_main_v_i+1
199D  85 FC         STA __zpR+1
199F  A5 FB         LDA __zpR
19A1  8D 8C 0C      STA __fn_print_int_v_n
19A4  A5 FC         LDA __zpR+1
19A6  8D 8D 0C      STA __fn_print_int_v_n+1
19A9  20 8E 0C      JSR __fn_print_int
19AC  20 02 0D      JSR __fn_nl
19AF  AD 2E 0E      LDA __fn_main_v_i
19B2  85 FB         STA __zpR
19B4  AD 2F 0E      LDA __fn_main_v_i+1
19B7  85 FC         STA __zpR+1
19B9  18            CLC
19BA  A5 FB         LDA __zpR
19BC  69 01         ADC #1
19BE  85 FB         STA __zpR
19C0  A5 FC         LDA __zpR+1
19C2  69 00         ADC #0
19C4  85 FC         STA __zpR+1
19C6  A5 FB         LDA __zpR
19C8  8D 2E 0E      STA __fn_main_v_i
19CB  A5 FC         LDA __zpR+1
19CD  8D 2F 0E      STA __fn_main_v_i+1
19D0  A5 FB         LDA __zpR
19D2  8D 8C 0C      STA __fn_print_int_v_n
19D5  A5 FC         LDA __zpR+1
19D7  8D 8D 0C      STA __fn_print_int_v_n+1
19DA  20 8E 0C      JSR __fn_print_int
19DD  20 02 0D      JSR __fn_nl
19E0  A9 EC         LDA #<__str_0
19E2  85 FB         STA __zpR
19E4  A9 19         LDA #>__str_0
19E6  85 FC         STA __zpR+1
19E8  20 81 0A      JSR __rt_puts
19EB  60            RTS

Symbol table:
  __CHROUT             = $FFD2
  __L0                 = $0B02
  __L1                 = $0B02
  __L10                = $0D01
  __L11                = $0CB2
  __L12                = $0D6A
  __L13                = $0DE9
  __L14                = $0DB7
  __L15                = $0D90
  __L16                = $12D3
  __L17                = $12D9
  __L18                = $12BC
  __L19                = $12C8
  __L2                 = $0AEE
  __L20                = $1323
  __L21                = $132B
  __L22                = $130E
  __L23                = $131A
  __L24                = $1377
  __L25                = $137D
  __L26                = $1360
  __L27                = $136C
  __L28                = $140F
  __L29                = $14BC
  __L3                 = $0B14
  __L30                = $148A
  __L31                = $1433
  __L32                = $14CE
  __L33                = $1567
  __L34                = $1535
  __L35                = $14F2
  __L36                = $184D
  __L37                = $1928
  __L38                = $18F6
  __L39                = $1871
  __L4                 = $0BED
  __L40                = $189B
  __L41                = $189B
  __L42                = $1895
  __L43                = $18C5
  __L44                = $18C5
  __L45                = $18BF
  __L5                 = $0B38
  __L6                 = $0BED
  __L7                 = $0C8B
  __L8                 = $0C11
  __L9                 = $0CEA
  __fn_add             = $0D17
  __fn_add_v_a         = $0D13
  __fn_add_v_b         = $0D15
  __fn_fact            = $0D46
  __fn_fact_v_i        = $0D44
  __fn_fact_v_n        = $0D40
  __fn_fact_v_result   = $0D42
  __fn_main            = $0E32
  __fn_main_v_i        = $0E2E
  __fn_main_v_x        = $0E30
  __fn_nl              = $0D02
  __fn_print_int       = $0C8E
  __fn_print_int_v_n   = $0C8C
  __fn_print_uint      = $0ACA
  __fn_print_uint_v_buf = $0AC2
  __fn_print_uint_v_i  = $0AC8
  __fn_print_uint_v_n  = $0AC0
  __fn_side_effect     = $0DF5
  __g_arr              = $0AAC
  __g_cbuf             = $0AB8
  __g_g_counter        = $0AAA
  __rt_eq16            = $090F
  __rt_eq16_ne         = $0924
  __rt_ge16            = $0978
  __rt_ge16_t          = $0984
  __rt_gt16            = $098D
  __rt_gt16_t          = $0999
  __rt_le16            = $09A2
  __rt_le16_t          = $09AE
  __rt_lt16            = $0963
  __rt_lt16_t          = $096F
  __rt_mul16           = $0848
  __rt_mul16_loop      = $0852
  __rt_mul16_noadd     = $0869
  __rt_ne16            = $092B
  __rt_ne16_ne         = $093E
  __rt_neg_r           = $08B8
  __rt_neg_r2          = $08A9
  __rt_neg_t0          = $08C7
  __rt_pop2            = $0835
  __rt_push            = $0822
  __rt_puts            = $0A81
  __rt_puts_done       = $0AA9
  __rt_puts_loop       = $0A89
  __rt_sdivmod16       = $08DA
  __rt_sdm_d1          = $08EC
  __rt_sdm_d2          = $08F6
  __rt_sdm_qdone       = $0906
  __rt_sdm_rdone       = $090E
  __rt_shl16           = $09B7
  __rt_shl16_done      = $09CD
  __rt_shl16_loop      = $09C1
  __rt_shr16           = $09CE
  __rt_shr16_done      = $09E8
  __rt_shr16_loop      = $09D8
  __rt_spidx           = $081B
  __rt_stack           = $19F2
  __rt_sub_r2r         = $0947
  __rt_sub_r2r_ok      = $0954
  __rt_sub_rr2         = $0955
  __rt_sub_rr2_ok      = $0962
  __rt_topetscii       = $09E9
  __rt_tp_done         = $0A08
  __rt_tp_notlower     = $09FB
  __rt_udiv16          = $087B
  __rt_udiv16_loop     = $0885
  __rt_udiv16_skip     = $08A5
  __rt_uge16           = $0A63
  __rt_uge16_f         = $0A7A
  __rt_uge16_t         = $0A71
  __rt_ugt16           = $0A27
  __rt_ugt16_f         = $0A35
  __rt_ugt16_t         = $0A3C
  __rt_ule16           = $0A45
  __rt_ule16_f         = $0A5C
  __rt_ule16_t         = $0A53
  __rt_ult16           = $0A09
  __rt_ult16_f         = $0A17
  __rt_ult16_t         = $0A1E
  __str_0              = $19EC
  __zpAP               = $0002
  __zpAP2              = $081C
  __zpR                = $00FB
  __zpR2               = $00FD
  __zpT0               = $0820
  __zpT1               = $081E
